[debug] [2026-07-25T13:48:41.063Z] ----------------------------------------------------------------------
[debug] [2026-07-25T13:48:41.065Z] Command:       /usr/local/bin/node /Users/raniyakelifa/.npm/_npx/7750544ccf494d8b/node_modules/.bin/firebase emulators:start --only functions
[debug] [2026-07-25T13:48:41.065Z] CLI Version:   15.24.0
[debug] [2026-07-25T13:48:41.065Z] Platform:      darwin
[debug] [2026-07-25T13:48:41.065Z] Node Version:  v24.17.0
[debug] [2026-07-25T13:48:41.065Z] Detected Agent: github_copilot_vscode_agent
[debug] [2026-07-25T13:48:41.065Z] Time:          Sat Jul 25 2026 16:48:41 GMT+0300 (East Africa Time)
[debug] [2026-07-25T13:48:41.065Z] ----------------------------------------------------------------------
[debug] 
[debug] [2026-07-25T13:48:41.073Z] >>> [apiv2][query] GET https://firebase-public.firebaseio.com/cli.json [none]
[debug] [2026-07-25T13:48:41.543Z] > command requires scopes: ["email","openid","https://www.googleapis.com/auth/cloudplatformprojects.readonly","https://www.googleapis.com/auth/firebase","https://www.googleapis.com/auth/cloud-platform"]
[debug] Failed to authenticate, have you run firebase login?
[warn] ⚠  emulators: You are not currently authenticated so some features may not work correctly. Please run firebase login to authenticate the CLI. 
[info] i  emulators: Starting emulators: functions {"metadata":{"emulator":{"name":"hub"},"message":"Starting emulators: functions"}}
[debug] [2026-07-25T13:48:41.881Z] [logging] Logging Emulator only supports listening on one address (127.0.0.1). Not listening on ::1
[debug] [2026-07-25T13:48:41.881Z] assigned listening specs for emulators {"user":{"hub":[{"address":"127.0.0.1","family":"IPv4","port":4400},{"address":"::1","family":"IPv6","port":4400}],"ui":[{"address":"127.0.0.1","family":"IPv4","port":4000},{"address":"::1","family":"IPv6","port":4000}],"logging":[{"address":"127.0.0.1","family":"IPv4","port":4500}]},"metadata":{"message":"assigned listening specs for emulators"}}
[debug] [2026-07-25T13:48:41.884Z] Write emulator hub locator at /var/folders/vz/rvcwrsj94n90p1r_2bj364n80000gn/T/hub-dynamicweb-e2ab3.json
[debug] [2026-07-25T13:48:42.205Z] [functions] Functions Emulator only supports listening on one address (127.0.0.1). Not listening on ::1
[debug] [2026-07-25T13:48:42.205Z] [eventarc] Eventarc Emulator only supports listening on one address (127.0.0.1). Not listening on ::1
[debug] [2026-07-25T13:48:42.205Z] [tasks] Cloud Tasks Emulator only supports listening on one address (127.0.0.1). Not listening on ::1
[debug] [2026-07-25T13:48:42.205Z] late-assigned ports for functions and eventarc emulators {"user":{"hub":[{"address":"127.0.0.1","family":"IPv4","port":4400},{"address":"::1","family":"IPv6","port":4400}],"ui":[{"address":"127.0.0.1","family":"IPv4","port":4000},{"address":"::1","family":"IPv6","port":4000}],"logging":[{"address":"127.0.0.1","family":"IPv4","port":4500}],"functions":[{"address":"127.0.0.1","family":"IPv4","port":5001}],"eventarc":[{"address":"127.0.0.1","family":"IPv4","port":9299}],"tasks":[{"address":"127.0.0.1","family":"IPv4","port":9499}]},"metadata":{"message":"late-assigned ports for functions and eventarc emulators"}}
[warn] ⚠  functions: The following emulators are not running, calls to these services from the Functions emulator will affect production: apphosting, auth, firestore, database, hosting, pubsub, storage, dataconnect {"metadata":{"emulator":{"name":"functions"},"message":"The following emulators are not running, calls to these services from the Functions emulator will affect production: \u001b[1mapphosting, auth, firestore, database, hosting, pubsub, storage, dataconnect\u001b[22m"}}
[debug] [2026-07-25T13:48:42.206Z] No OAuth tokens found
[debug] [2026-07-25T13:48:42.206Z] No OAuth tokens found
[debug] [2026-07-25T13:48:42.206Z] > command requires scopes: ["email","openid","https://www.googleapis.com/auth/cloudplatformprojects.readonly","https://www.googleapis.com/auth/firebase","https://www.googleapis.com/auth/cloud-platform"]
[debug] [2026-07-25T13:48:42.207Z] Failed to get Admin SDK config for dynamicweb-e2ab3, falling back to cache Failed to get Admin SDK for Firebase project dynamicweb-e2ab3. Please make sure the project exists and your account has permission to access it. {"name":"FirebaseError","children":[],"exit":2,"message":"Failed to get Admin SDK for Firebase project dynamicweb-e2ab3. Please make sure the project exists and your account has permission to access it.","original":{"name":"FirebaseError","children":[],"exit":1,"message":"Failed to authenticate, have you run \u001b[1mfirebase login\u001b[22m?","original":{},"status":500},"status":500}
[warn] ⚠  functions: Unable to fetch project Admin SDK configuration, Admin SDK behavior in Cloud Functions emulator may be incorrect. {"metadata":{"emulator":{"name":"functions"},"message":"Unable to fetch project Admin SDK configuration, Admin SDK behavior in Cloud Functions emulator may be incorrect."}}
[info] i  ui: downloading ui-v1.15.0.zip... {"metadata":{"emulator":{"name":"ui"},"message":"downloading ui-v1.15.0.zip..."}}
[debug] [2026-07-25T13:48:42.218Z] >>> [apiv2][query] GET https://storage.googleapis.com/firebase-preview-drop/emulator/ui-v1.15.0.zip 
[debug] [2026-07-25T13:48:42.779Z] <<< [apiv2][status] GET https://storage.googleapis.com/firebase-preview-drop/emulator/ui-v1.15.0.zip 200
[debug] [2026-07-25T13:48:42.779Z] <<< [apiv2][body] GET https://storage.googleapis.com/firebase-preview-drop/emulator/ui-v1.15.0.zip [stream]
[debug] [2026-07-25T13:48:42.788Z] <<< [apiv2][status] GET https://firebase-public.firebaseio.com/cli.json 200
[debug] [2026-07-25T13:48:42.788Z] <<< [apiv2][body] GET https://firebase-public.firebaseio.com/cli.json {"cloudBuildErrorAfter":1594252800000,"cloudBuildWarnAfter":1590019200000,"defaultNode10After":1594252800000,"minVersion":"3.0.5","node8DeploysDisabledAfter":1613390400000,"node8RuntimeDisabledAfter":1615809600000,"node8WarnAfter":1600128000000}
[debug] [2026-07-25T13:48:46.204Z] Data is 3538469
[debug] [2026-07-25T13:48:46.204Z] [unzip] Entry: client/ (compressed_size=0 bytes, uncompressed_size=0 bytes)
[debug] [2026-07-25T13:48:46.204Z] [unzip] Processing entry: client/
[debug] [2026-07-25T13:48:46.204Z] [unzip] mkdir: /Users/raniyakelifa/.cache/firebase/emulators/ui-v1.15.0/client/
[debug] [2026-07-25T13:48:46.205Z] [unzip] Entry: client/favicon-16x16.png (compressed_size=293 bytes, uncompressed_size=293 bytes)
[debug] [2026-07-25T13:48:46.205Z] [unzip] Processing entry: client/favicon-16x16.png
[debug] [2026-07-25T13:48:46.205Z] [unzip] else mkdir: /Users/raniyakelifa/.cache/firebase/emulators/ui-v1.15.0/client
[debug] [2026-07-25T13:48:46.205Z] [unzip] Writing file: /Users/raniyakelifa/.cache/firebase/emulators/ui-v1.15.0/client/favicon-16x16.png
[debug] [2026-07-25T13:48:46.206Z] [unzip] Entry: client/safari-pinned-tab.svg (compressed_size=1433 bytes, uncompressed_size=2611 bytes)
[debug] [2026-07-25T13:48:46.206Z] [unzip] Processing entry: client/safari-pinned-tab.svg
[debug] [2026-07-25T13:48:46.206Z] [unzip] else mkdir: /Users/raniyakelifa/.cache/firebase/emulators/ui-v1.15.0/client
[debug] [2026-07-25T13:48:46.206Z] [unzip] deflating: /Users/raniyakelifa/.cache/firebase/emulators/ui-v1.15.0/client/safari-pinned-tab.svg
[debug] [2026-07-25T13:48:46.209Z] [unzip] Entry: client/favicon.ico (compressed_size=2933 bytes, uncompressed_size=13294 bytes)
[debug] [2026-07-25T13:48:46.209Z] [unzip] Processing entry: client/favicon.ico
[debug] [2026-07-25T13:48:46.209Z] [unzip] else mkdir: /Users/raniyakelifa/.cache/firebase/emulators/ui-v1.15.0/client
[debug] [2026-07-25T13:48:46.209Z] [unzip] deflating: /Users/raniyakelifa/.cache/firebase/emulators/ui-v1.15.0/client/favicon.ico
[debug] [2026-07-25T13:48:46.210Z] [unzip] Entry: client/index.html (compressed_size=1364 bytes, uncompressed_size=3071 bytes)
[debug] [2026-07-25T13:48:46.210Z] [unzip] Processing entry: client/index.html
[debug] [2026-07-25T13:48:46.210Z] [unzip] else mkdir: /Users/raniyakelifa/.cache/firebase/emulators/ui-v1.15.0/client
[debug] [2026-07-25T13:48:46.210Z] [unzip] deflating: /Users/raniyakelifa/.cache/firebase/emulators/ui-v1.15.0/client/index.html
[debug] [2026-07-25T13:48:46.210Z] [unzip] Entry: client/android-chrome-192x192.png (compressed_size=2684 bytes, uncompressed_size=2684 bytes)
[debug] [2026-07-25T13:48:46.210Z] [unzip] Processing entry: client/android-chrome-192x192.png
[debug] [2026-07-25T13:48:46.210Z] [unzip] else mkdir: /Users/raniyakelifa/.cache/firebase/emulators/ui-v1.15.0/client
[debug] [2026-07-25T13:48:46.210Z] [unzip] Writing file: /Users/raniyakelifa/.cache/firebase/emulators/ui-v1.15.0/client/android-chrome-192x192.png
[debug] [2026-07-25T13:48:46.211Z] [unzip] Entry: client/apple-touch-icon.png (compressed_size=2123 bytes, uncompressed_size=2152 bytes)
[debug] [2026-07-25T13:48:46.211Z] [unzip] Processing entry: client/apple-touch-icon.png
[debug] [2026-07-25T13:48:46.211Z] [unzip] else mkdir: /Users/raniyakelifa/.cache/firebase/emulators/ui-v1.15.0/client
[debug] [2026-07-25T13:48:46.211Z] [unzip] deflating: /Users/raniyakelifa/.cache/firebase/emulators/ui-v1.15.0/client/apple-touch-icon.png
[debug] [2026-07-25T13:48:46.211Z] [unzip] Entry: client/android-chrome-512x512.png (compressed_size=5369 bytes, uncompressed_size=5411 bytes)
[debug] [2026-07-25T13:48:46.212Z] [unzip] Processing entry: client/android-chrome-512x512.png
[debug] [2026-07-25T13:48:46.212Z] [unzip] else mkdir: /Users/raniyakelifa/.cache/firebase/emulators/ui-v1.15.0/client
[debug] [2026-07-25T13:48:46.212Z] [unzip] deflating: /Users/raniyakelifa/.cache/firebase/emulators/ui-v1.15.0/client/android-chrome-512x512.png
[debug] [2026-07-25T13:48:46.212Z] [unzip] Entry: client/manifest.json (compressed_size=245 bytes, uncompressed_size=551 bytes)
[debug] [2026-07-25T13:48:46.212Z] [unzip] Processing entry: client/manifest.json
[debug] [2026-07-25T13:48:46.212Z] [unzip] else mkdir: /Users/raniyakelifa/.cache/firebase/emulators/ui-v1.15.0/client
[debug] [2026-07-25T13:48:46.212Z] [unzip] deflating: /Users/raniyakelifa/.cache/firebase/emulators/ui-v1.15.0/client/manifest.json
[debug] [2026-07-25T13:48:46.213Z] [unzip] Entry: client/robots.txt (compressed_size=26 bytes, uncompressed_size=26 bytes)
[debug] [2026-07-25T13:48:46.213Z] [unzip] Processing entry: client/robots.txt
[debug] [2026-07-25T13:48:46.213Z] [unzip] else mkdir: /Users/raniyakelifa/.cache/firebase/emulators/ui-v1.15.0/client
[debug] [2026-07-25T13:48:46.213Z] [unzip] Writing file: /Users/raniyakelifa/.cache/firebase/emulators/ui-v1.15.0/client/robots.txt
[debug] [2026-07-25T13:48:46.213Z] [unzip] Entry: client/mstile-150x150.png (compressed_size=2034 bytes, uncompressed_size=2034 bytes)
[debug] [2026-07-25T13:48:46.213Z] [unzip] Processing entry: client/mstile-150x150.png
[debug] [2026-07-25T13:48:46.213Z] [unzip] else mkdir: /Users/raniyakelifa/.cache/firebase/emulators/ui-v1.15.0/client
[debug] [2026-07-25T13:48:46.213Z] [unzip] Writing file: /Users/raniyakelifa/.cache/firebase/emulators/ui-v1.15.0/client/mstile-150x150.png
[debug] [2026-07-25T13:48:46.213Z] [unzip] Entry: client/assets/ (compressed_size=0 bytes, uncompressed_size=0 bytes)
[debug] [2026-07-25T13:48:46.213Z] [unzip] Processing entry: client/assets/
[debug] [2026-07-25T13:48:46.213Z] [unzip] mkdir: /Users/raniyakelifa/.cache/firebase/emulators/ui-v1.15.0/client/assets/
[debug] [2026-07-25T13:48:46.214Z] [unzip] Entry: client/assets/index-BX-A56oj.js (compressed_size=582089 bytes, uncompressed_size=2092775 bytes)
[debug] [2026-07-25T13:48:46.214Z] [unzip] Processing entry: client/assets/index-BX-A56oj.js
[debug] [2026-07-25T13:48:46.214Z] [unzip] else mkdir: /Users/raniyakelifa/.cache/firebase/emulators/ui-v1.15.0/client/assets
[debug] [2026-07-25T13:48:46.214Z] [unzip] deflating: /Users/raniyakelifa/.cache/firebase/emulators/ui-v1.15.0/client/assets/index-BX-A56oj.js
[debug] [2026-07-25T13:48:46.222Z] [unzip] Entry: client/assets/index-CjB9C900.css (compressed_size=35979 bytes, uncompressed_size=298654 bytes)
[debug] [2026-07-25T13:48:46.222Z] [unzip] Processing entry: client/assets/index-CjB9C900.css
[debug] [2026-07-25T13:48:46.222Z] [unzip] else mkdir: /Users/raniyakelifa/.cache/firebase/emulators/ui-v1.15.0/client/assets
[debug] [2026-07-25T13:48:46.222Z] [unzip] deflating: /Users/raniyakelifa/.cache/firebase/emulators/ui-v1.15.0/client/assets/index-CjB9C900.css
[debug] [2026-07-25T13:48:46.224Z] [unzip] Entry: client/assets/index-BX-A56oj.js.map (compressed_size=2362482 bytes, uncompressed_size=10036679 bytes)
[debug] [2026-07-25T13:48:46.224Z] [unzip] Processing entry: client/assets/index-BX-A56oj.js.map
[debug] [2026-07-25T13:48:46.224Z] [unzip] else mkdir: /Users/raniyakelifa/.cache/firebase/emulators/ui-v1.15.0/client/assets
[debug] [2026-07-25T13:48:46.224Z] [unzip] deflating: /Users/raniyakelifa/.cache/firebase/emulators/ui-v1.15.0/client/assets/index-BX-A56oj.js.map
[debug] [2026-07-25T13:48:46.259Z] [unzip] Entry: client/assets/extensions/ (compressed_size=0 bytes, uncompressed_size=0 bytes)
[debug] [2026-07-25T13:48:46.259Z] [unzip] Processing entry: client/assets/extensions/
[debug] [2026-07-25T13:48:46.259Z] [unzip] mkdir: /Users/raniyakelifa/.cache/firebase/emulators/ui-v1.15.0/client/assets/extensions/
[debug] [2026-07-25T13:48:46.259Z] [unzip] Entry: client/assets/extensions/default-extension.png (compressed_size=1646 bytes, uncompressed_size=1657 bytes)
[debug] [2026-07-25T13:48:46.259Z] [unzip] Processing entry: client/assets/extensions/default-extension.png
[debug] [2026-07-25T13:48:46.259Z] [unzip] else mkdir: /Users/raniyakelifa/.cache/firebase/emulators/ui-v1.15.0/client/assets/extensions
[debug] [2026-07-25T13:48:46.259Z] [unzip] deflating: /Users/raniyakelifa/.cache/firebase/emulators/ui-v1.15.0/client/assets/extensions/default-extension.png
[debug] [2026-07-25T13:48:46.259Z] [unzip] Entry: client/assets/img/ (compressed_size=0 bytes, uncompressed_size=0 bytes)
[debug] [2026-07-25T13:48:46.260Z] [unzip] Processing entry: client/assets/img/
[debug] [2026-07-25T13:48:46.260Z] [unzip] mkdir: /Users/raniyakelifa/.cache/firebase/emulators/ui-v1.15.0/client/assets/img/
[debug] [2026-07-25T13:48:46.260Z] [unzip] Entry: client/assets/img/database.png (compressed_size=29449 bytes, uncompressed_size=29988 bytes)
[debug] [2026-07-25T13:48:46.260Z] [unzip] Processing entry: client/assets/img/database.png
[debug] [2026-07-25T13:48:46.260Z] [unzip] else mkdir: /Users/raniyakelifa/.cache/firebase/emulators/ui-v1.15.0/client/assets/img
[debug] [2026-07-25T13:48:46.260Z] [unzip] deflating: /Users/raniyakelifa/.cache/firebase/emulators/ui-v1.15.0/client/assets/img/database.png
[debug] [2026-07-25T13:48:46.260Z] [unzip] Entry: client/assets/provider-icons/ (compressed_size=0 bytes, uncompressed_size=0 bytes)
[debug] [2026-07-25T13:48:46.260Z] [unzip] Processing entry: client/assets/provider-icons/
[debug] [2026-07-25T13:48:46.260Z] [unzip] mkdir: /Users/raniyakelifa/.cache/firebase/emulators/ui-v1.15.0/client/assets/provider-icons/
[debug] [2026-07-25T13:48:46.260Z] [unzip] Entry: client/assets/provider-icons/auth_service_saml.svg (compressed_size=575 bytes, uncompressed_size=1226 bytes)
[debug] [2026-07-25T13:48:46.260Z] [unzip] Processing entry: client/assets/provider-icons/auth_service_saml.svg
[debug] [2026-07-25T13:48:46.260Z] [unzip] else mkdir: /Users/raniyakelifa/.cache/firebase/emulators/ui-v1.15.0/client/assets/provider-icons
[debug] [2026-07-25T13:48:46.261Z] [unzip] deflating: /Users/raniyakelifa/.cache/firebase/emulators/ui-v1.15.0/client/assets/provider-icons/auth_service_saml.svg
[debug] [2026-07-25T13:48:46.261Z] [unzip] Entry: client/assets/provider-icons/auth_service_phone.svg (compressed_size=261 bytes, uncompressed_size=414 bytes)
[debug] [2026-07-25T13:48:46.261Z] [unzip] Processing entry: client/assets/provider-icons/auth_service_phone.svg
[debug] [2026-07-25T13:48:46.261Z] [unzip] else mkdir: /Users/raniyakelifa/.cache/firebase/emulators/ui-v1.15.0/client/assets/provider-icons
[debug] [2026-07-25T13:48:46.261Z] [unzip] deflating: /Users/raniyakelifa/.cache/firebase/emulators/ui-v1.15.0/client/assets/provider-icons/auth_service_phone.svg
[debug] [2026-07-25T13:48:46.261Z] [unzip] Entry: client/assets/provider-icons/auth_service_facebook.svg (compressed_size=289 bytes, uncompressed_size=457 bytes)
[debug] [2026-07-25T13:48:46.261Z] [unzip] Processing entry: client/assets/provider-icons/auth_service_facebook.svg
[debug] [2026-07-25T13:48:46.261Z] [unzip] else mkdir: /Users/raniyakelifa/.cache/firebase/emulators/ui-v1.15.0/client/assets/provider-icons
[debug] [2026-07-25T13:48:46.261Z] [unzip] deflating: /Users/raniyakelifa/.cache/firebase/emulators/ui-v1.15.0/client/assets/provider-icons/auth_service_facebook.svg
[debug] [2026-07-25T13:48:46.262Z] [unzip] Entry: client/assets/provider-icons/auth_service_game_center.svg (compressed_size=991 bytes, uncompressed_size=3921 bytes)
[debug] [2026-07-25T13:48:46.262Z] [unzip] Processing entry: client/assets/provider-icons/auth_service_game_center.svg
[debug] [2026-07-25T13:48:46.262Z] [unzip] else mkdir: /Users/raniyakelifa/.cache/firebase/emulators/ui-v1.15.0/client/assets/provider-icons
[debug] [2026-07-25T13:48:46.262Z] [unzip] deflating: /Users/raniyakelifa/.cache/firebase/emulators/ui-v1.15.0/client/assets/provider-icons/auth_service_game_center.svg
[debug] [2026-07-25T13:48:46.262Z] [unzip] Entry: client/assets/provider-icons/auth_service_apple.svg (compressed_size=230 bytes, uncompressed_size=334 bytes)
[debug] [2026-07-25T13:48:46.262Z] [unzip] Processing entry: client/assets/provider-icons/auth_service_apple.svg
[debug] [2026-07-25T13:48:46.262Z] [unzip] else mkdir: /Users/raniyakelifa/.cache/firebase/emulators/ui-v1.15.0/client/assets/provider-icons
[debug] [2026-07-25T13:48:46.262Z] [unzip] deflating: /Users/raniyakelifa/.cache/firebase/emulators/ui-v1.15.0/client/assets/provider-icons/auth_service_apple.svg
[debug] [2026-07-25T13:48:46.263Z] [unzip] Entry: client/assets/provider-icons/auth_service_github.svg (compressed_size=466 bytes, uncompressed_size=838 bytes)
[debug] [2026-07-25T13:48:46.263Z] [unzip] Processing entry: client/assets/provider-icons/auth_service_github.svg
[debug] [2026-07-25T13:48:46.263Z] [unzip] else mkdir: /Users/raniyakelifa/.cache/firebase/emulators/ui-v1.15.0/client/assets/provider-icons
[debug] [2026-07-25T13:48:46.263Z] [unzip] deflating: /Users/raniyakelifa/.cache/firebase/emulators/ui-v1.15.0/client/assets/provider-icons/auth_service_github.svg
[debug] [2026-07-25T13:48:46.263Z] [unzip] Entry: client/assets/provider-icons/auth_service_mslive.svg (compressed_size=203 bytes, uncompressed_size=378 bytes)
[debug] [2026-07-25T13:48:46.263Z] [unzip] Processing entry: client/assets/provider-icons/auth_service_mslive.svg
[debug] [2026-07-25T13:48:46.263Z] [unzip] else mkdir: /Users/raniyakelifa/.cache/firebase/emulators/ui-v1.15.0/client/assets/provider-icons
[debug] [2026-07-25T13:48:46.263Z] [unzip] deflating: /Users/raniyakelifa/.cache/firebase/emulators/ui-v1.15.0/client/assets/provider-icons/auth_service_mslive.svg
[debug] [2026-07-25T13:48:46.263Z] [unzip] Entry: client/assets/provider-icons/auth_service_yahoo.svg (compressed_size=577 bytes, uncompressed_size=1182 bytes)
[debug] [2026-07-25T13:48:46.263Z] [unzip] Processing entry: client/assets/provider-icons/auth_service_yahoo.svg
[debug] [2026-07-25T13:48:46.263Z] [unzip] else mkdir: /Users/raniyakelifa/.cache/firebase/emulators/ui-v1.15.0/client/assets/provider-icons
[debug] [2026-07-25T13:48:46.264Z] [unzip] deflating: /Users/raniyakelifa/.cache/firebase/emulators/ui-v1.15.0/client/assets/provider-icons/auth_service_yahoo.svg
[debug] [2026-07-25T13:48:46.264Z] [unzip] Entry: client/assets/provider-icons/auth_service_twitter.svg (compressed_size=444 bytes, uncompressed_size=751 bytes)
[debug] [2026-07-25T13:48:46.264Z] [unzip] Processing entry: client/assets/provider-icons/auth_service_twitter.svg
[debug] [2026-07-25T13:48:46.264Z] [unzip] else mkdir: /Users/raniyakelifa/.cache/firebase/emulators/ui-v1.15.0/client/assets/provider-icons
[debug] [2026-07-25T13:48:46.264Z] [unzip] deflating: /Users/raniyakelifa/.cache/firebase/emulators/ui-v1.15.0/client/assets/provider-icons/auth_service_twitter.svg
[debug] [2026-07-25T13:48:46.264Z] [unzip] Entry: client/assets/provider-icons/auth_service_play_games.svg (compressed_size=565 bytes, uncompressed_size=1173 bytes)
[debug] [2026-07-25T13:48:46.264Z] [unzip] Processing entry: client/assets/provider-icons/auth_service_play_games.svg
[debug] [2026-07-25T13:48:46.264Z] [unzip] else mkdir: /Users/raniyakelifa/.cache/firebase/emulators/ui-v1.15.0/client/assets/provider-icons
[debug] [2026-07-25T13:48:46.264Z] [unzip] deflating: /Users/raniyakelifa/.cache/firebase/emulators/ui-v1.15.0/client/assets/provider-icons/auth_service_play_games.svg
[debug] [2026-07-25T13:48:46.265Z] [unzip] Entry: client/assets/provider-icons/auth_service_email.svg (compressed_size=228 bytes, uncompressed_size=326 bytes)
[debug] [2026-07-25T13:48:46.265Z] [unzip] Processing entry: client/assets/provider-icons/auth_service_email.svg
[debug] [2026-07-25T13:48:46.265Z] [unzip] else mkdir: /Users/raniyakelifa/.cache/firebase/emulators/ui-v1.15.0/client/assets/provider-icons
[debug] [2026-07-25T13:48:46.265Z] [unzip] deflating: /Users/raniyakelifa/.cache/firebase/emulators/ui-v1.15.0/client/assets/provider-icons/auth_service_email.svg
[debug] [2026-07-25T13:48:46.265Z] [unzip] Entry: client/assets/provider-icons/auth_service_google.svg (compressed_size=409 bytes, uncompressed_size=720 bytes)
[debug] [2026-07-25T13:48:46.265Z] [unzip] Processing entry: client/assets/provider-icons/auth_service_google.svg
[debug] [2026-07-25T13:48:46.265Z] [unzip] else mkdir: /Users/raniyakelifa/.cache/firebase/emulators/ui-v1.15.0/client/assets/provider-icons
[debug] [2026-07-25T13:48:46.265Z] [unzip] deflating: /Users/raniyakelifa/.cache/firebase/emulators/ui-v1.15.0/client/assets/provider-icons/auth_service_google.svg
[debug] [2026-07-25T13:48:46.265Z] [unzip] Entry: client/assets/provider-icons/auth_service_oidc.svg (compressed_size=414 bytes, uncompressed_size=858 bytes)
[debug] [2026-07-25T13:48:46.265Z] [unzip] Processing entry: client/assets/provider-icons/auth_service_oidc.svg
[debug] [2026-07-25T13:48:46.265Z] [unzip] else mkdir: /Users/raniyakelifa/.cache/firebase/emulators/ui-v1.15.0/client/assets/provider-icons
[debug] [2026-07-25T13:48:46.266Z] [unzip] deflating: /Users/raniyakelifa/.cache/firebase/emulators/ui-v1.15.0/client/assets/provider-icons/auth_service_oidc.svg
[debug] [2026-07-25T13:48:46.266Z] [unzip] Entry: client/browserconfig.xml (compressed_size=491 bytes, uncompressed_size=822 bytes)
[debug] [2026-07-25T13:48:46.266Z] [unzip] Processing entry: client/browserconfig.xml
[debug] [2026-07-25T13:48:46.266Z] [unzip] else mkdir: /Users/raniyakelifa/.cache/firebase/emulators/ui-v1.15.0/client
[debug] [2026-07-25T13:48:46.266Z] [unzip] deflating: /Users/raniyakelifa/.cache/firebase/emulators/ui-v1.15.0/client/browserconfig.xml
[debug] [2026-07-25T13:48:46.266Z] [unzip] Entry: client/favicon-32x32.png (compressed_size=475 bytes, uncompressed_size=475 bytes)
[debug] [2026-07-25T13:48:46.266Z] [unzip] Processing entry: client/favicon-32x32.png
[debug] [2026-07-25T13:48:46.266Z] [unzip] else mkdir: /Users/raniyakelifa/.cache/firebase/emulators/ui-v1.15.0/client
[debug] [2026-07-25T13:48:46.266Z] [unzip] Writing file: /Users/raniyakelifa/.cache/firebase/emulators/ui-v1.15.0/client/favicon-32x32.png
[debug] [2026-07-25T13:48:46.267Z] [unzip] Entry: server/ (compressed_size=0 bytes, uncompressed_size=0 bytes)
[debug] [2026-07-25T13:48:46.267Z] [unzip] Processing entry: server/
[debug] [2026-07-25T13:48:46.267Z] [unzip] mkdir: /Users/raniyakelifa/.cache/firebase/emulators/ui-v1.15.0/server/
[debug] [2026-07-25T13:48:46.267Z] [unzip] Entry: server/server.mjs.map (compressed_size=217845 bytes, uncompressed_size=944978 bytes)
[debug] [2026-07-25T13:48:46.267Z] [unzip] Processing entry: server/server.mjs.map
[debug] [2026-07-25T13:48:46.267Z] [unzip] else mkdir: /Users/raniyakelifa/.cache/firebase/emulators/ui-v1.15.0/server
[debug] [2026-07-25T13:48:46.267Z] [unzip] deflating: /Users/raniyakelifa/.cache/firebase/emulators/ui-v1.15.0/server/server.mjs.map
[debug] [2026-07-25T13:48:46.270Z] [unzip] Entry: server/server.mjs (compressed_size=276407 bytes, uncompressed_size=933701 bytes)
[debug] [2026-07-25T13:48:46.270Z] [unzip] Processing entry: server/server.mjs
[debug] [2026-07-25T13:48:46.270Z] [unzip] else mkdir: /Users/raniyakelifa/.cache/firebase/emulators/ui-v1.15.0/server
[debug] [2026-07-25T13:48:46.270Z] [unzip] deflating: /Users/raniyakelifa/.cache/firebase/emulators/ui-v1.15.0/server/server.mjs
[info] i  functions: Watching "/Users/raniyakelifa/Documents/sales/functions" for Cloud Functions... {"metadata":{"emulator":{"name":"functions"},"message":"Watching \"/Users/raniyakelifa/Documents/sales/functions\" for Cloud Functions..."}}
[debug] [2026-07-25T13:48:46.276Z] Validating nodejs source
[warn] ⚠  functions: package.json indicates an outdated version of firebase-functions. Please upgrade using npm install --save firebase-functions@latest in your functions directory. 
[warn] ⚠  functions: Please note that there will be breaking changes when you upgrade. 
[debug] [2026-07-25T13:48:47.073Z] > [functions] package.json contents: {
  "name": "functions",
  "description": "Cloud Functions for Firebase",
  "scripts": {
    "lint": "eslint .",
    "serve": "firebase emulators:start --only functions",
    "shell": "firebase functions:shell",
    "start": "npm run shell",
    "deploy": "firebase deploy --only functions",
    "logs": "firebase functions:log"
  },
  "engines": {
    "node": "20"
  },
  "main": "index.js",
  "dependencies": {
    "cors": "^2.8.5",
    "firebase-admin": "^13.3.0",
    "firebase-functions": "^6.3.2"
  },
  "devDependencies": {
    "eslint": "^8.15.0",
    "eslint-config-google": "^0.14.0",
    "firebase-functions-test": "^3.1.0"
  },
  "private": true
}
[debug] [2026-07-25T13:48:47.073Z] Building nodejs source
[debug] [2026-07-25T13:48:47.073Z] Failed to find version of module node: reached end of search path /Users/raniyakelifa/Documents/sales/functions/node_modules
[warn] ⚠  functions: Your requested "node" version "20" doesn't match your global version "24". Using node@24 from host. 
[debug] [2026-07-25T13:48:47.074Z] Could not find functions.yaml. Must use http discovery
[debug] [2026-07-25T13:48:47.078Z] Found firebase-functions binary at '/Users/raniyakelifa/Documents/sales/functions/node_modules/.bin/firebase-functions'
[info] Serving at port 8069

[debug] [2026-07-25T13:48:48.072Z] Got response from /__/functions.yaml {"endpoints":{"listUsers":{"availableMemoryMb":null,"timeoutSeconds":null,"minInstances":null,"maxInstances":null,"ingressSettings":null,"concurrency":null,"serviceAccountEmail":null,"vpc":null,"platform":"gcfv2","labels":{},"callableTrigger":{},"entryPoint":"listUsers"}},"specVersion":"v1alpha1","requiredAPIs":[],"extensions":{}}
[info] ✔  functions: Loaded functions definitions from source: listUsers. {"metadata":{"emulator":{"name":"functions"},"message":"Loaded functions definitions from source: listUsers."}}
[info] ✔  functions[us-central1-listUsers]: http function initialized (http://127.0.0.1:5001/dynamicweb-e2ab3/us-central1/listUsers). {"metadata":{"emulator":{"name":"functions"},"message":"\u001b[1mhttp\u001b[22m function initialized (http://127.0.0.1:5001/dynamicweb-e2ab3/us-central1/listUsers)."}}
[debug] [2026-07-25T13:48:51.101Z] Could not find VSCode notification endpoint: TypeError: fetch failed. If you are not running the Firebase SQL Connect VSCode extension, this is expected and not an issue.
[info] 
┌─────────────────────────────────────────────────────────────┐
│ ✔  All emulators ready! It is now safe to connect your app. │
│ i  View Emulator UI at http://127.0.0.1:4000/               │
└─────────────────────────────────────────────────────────────┘

┌───────────┬────────────────┬─────────────────────────────────┐
│ Emulator  │ Host:Port      │ View in Emulator UI             │
├───────────┼────────────────┼─────────────────────────────────┤
│ Functions │ 127.0.0.1:5001 │ http://127.0.0.1:4000/functions │
└───────────┴────────────────┴─────────────────────────────────┘
  Emulator Hub host: 127.0.0.1 port: 4400
  Other reserved ports: 4500

Issues? Report them at https://github.com/firebase/firebase-tools/issues and attach the *-debug.log files.
 
